// Jest Snapshot v1, https://goo.gl/fbAQLP

exports[`screen/GroupChannelInvite renders correctly 1`] = `
<View
  style={
    Object {
      "backgroundColor": "#fff",
      "flex": 1,
    }
  }
>
  <View
    style={
      Object {
        "height": 64,
      }
    }
  >
    <RCTScrollView
      dataSource={
        ListViewDataSource {
          "items": 0,
        }
      }
      enableEmptySections={true}
      horizontal={true}
      renderRow={[Function]}
      renderScrollComponent={[Function]}
      style={
        Object {
          "flex": 1,
          "marginLeft": 14,
          "marginRight": 14,
        }
      }
    >
      <View />
    </RCTScrollView>
  </View>
  <View
    style={
      Object {
        "backgroundColor": "#DEE1E6",
        "paddingBottom": 4,
        "paddingLeft": 14,
        "paddingTop": 4,
      }
    }
  >
    <Text
      style={
        Object {
          "color": "#494E57",
          "fontSize": 12,
        }
      }
    >
      User List
    </Text>
  </View>
  <View
    style={Object {}}
  >
    <RCTScrollView
      data={Array []}
      disableVirtualization={false}
      getItem={[Function]}
      getItemCount={[Function]}
      horizontal={false}
      initialNumToRender={30}
      keyExtractor={[Function]}
      maxToRenderPerBatch={10}
      numColumns={1}
      onContentSizeChange={[Function]}
      onEndReached={[Function]}
      onEndReachedThreshold={0.5}
      onLayout={[Function]}
      onMomentumScrollEnd={[Function]}
      onScroll={[Function]}
      onScrollBeginDrag={[Function]}
      onScrollEndDrag={[Function]}
      removeClippedSubviews={false}
      renderItem={[Function]}
      scrollEventThrottle={50}
      stickyHeaderIndices={Array []}
      updateCellsBatchingPeriod={50}
      viewabilityConfigCallbackPairs={Array []}
      windowSize={21}
    >
      <View />
    </RCTScrollView>
  </View>
</View>
`;
