// Jest Snapshot v1, https://goo.gl/fbAQLP

exports[`component/Message renders correctly with user present 1`] = `
<View
  accessible={true}
  onResponderGrant={[Function]}
  onResponderMove={[Function]}
  onResponderRelease={[Function]}
  onResponderTerminate={[Function]}
  onResponderTerminationRequest={[Function]}
  onStartShouldSetResponder={[Function]}
  style={
    Array [
      Object {
        "transform": Array [
          Object {
            "scaleY": -1,
          },
        ],
      },
      Object {
        "backgroundColor": "",
      },
    ]
  }
>
  <View
    style={
      Object {
        "flexDirection": "row-reverse",
        "paddingBottom": 4,
        "paddingLeft": 14,
        "paddingRight": 14,
        "paddingTop": 4,
      }
    }
  >
    <View
      style={
        Object {
          "flexDirection": "row-reverse",
        }
      }
    >
      <View
        style={
          Object {
            "backgroundColor": "#5F3DC4",
            "borderRadius": 8,
            "maxWidth": 250,
            "padding": 8,
          }
        }
      >
        <View
          style={Object {}}
        >
          <View
            style={Object {}}
          >
            <Text
              style={
                Object {
                  "color": "#fff",
                  "fontSize": 12,
                }
              }
            >
              test_message
            </Text>
          </View>
        </View>
        <View
          style={
            Object {
              "flexDirection": "row",
              "justifyContent": "flex-end",
              "paddingLeft": 8,
            }
          }
        >
          <Text
            style={
              Object {
                "color": "#E9EBEF",
                "fontSize": 8,
              }
            }
          >
            test_time
          </Text>
        </View>
      </View>
      <View
        style={
          Object {
            "flexDirection": "column-reverse",
            "paddingLeft": 4,
            "paddingRight": 4,
          }
        }
      >
        <Text
          style={
            Object {
              "color": "#f03e3e",
              "fontSize": 10,
            }
          }
        >
          1
        </Text>
      </View>
    </View>
  </View>
</View>
`;
