// Jest Snapshot v1, https://goo.gl/fbAQLP

exports[`controller/notfound renders correctly 1`] = `
<View
  style={
    Object {
      "alignItems": "center",
      "backgroundColor": "#f3f3f3",
      "flex": 1,
      "justifyContent": "center",
      "padding": 40,
    }
  }
>
  <Text
    style={
      Object {
        "color": "#999",
        "fontSize": 18,
        "textAlign": "center",
      }
    }
  >
    The channel does not exist or you are not a member of this channel.
  </Text>
</View>
`;
