// Jest Snapshot v1, https://goo.gl/fbAQLP

exports[`controller/main renders correctly 1`] = `
<View
  style={
    Object {
      "backgroundColor": "#f3f3f3",
      "flex": 1,
    }
  }
>
  <RCTScrollView
    collapsable={false}
    disableVirtualization={false}
    getItem={[Function]}
    getItemCount={[Function]}
    horizontal={false}
    initialNumToRender={10}
    keyExtractor={[Function]}
    maxToRenderPerBatch={10}
    numColumns={1}
    onContentSizeChange={[Function]}
    onEndReached={[Function]}
    onEndReachedThreshold={2}
    onGestureHandlerEvent={[Function]}
    onGestureHandlerStateChange={[Function]}
    onLayout={[Function]}
    onMomentumScrollEnd={[Function]}
    onScroll={[Function]}
    onScrollBeginDrag={[Function]}
    onScrollEndDrag={[Function]}
    removeClippedSubviews={false}
    renderItem={[Function]}
    renderScrollComponent={[Function]}
    scrollEventThrottle={50}
    stickyHeaderIndices={Array []}
    updateCellsBatchingPeriod={50}
    viewabilityConfigCallbackPairs={Array []}
    windowSize={21}
  >
    <View />
  </RCTScrollView>
  <View
    pointerEvents="box-none"
    style={
      Array [
        Array [
          Object {
            "backgroundColor": "transparent",
            "bottom": 0,
            "left": 0,
            "position": "absolute",
            "right": 0,
            "top": 0,
          },
          Object {
            "elevation": undefined,
            "justifyContent": "flex-end",
            "zIndex": undefined,
          },
        ],
        undefined,
      ]
    }
  >
    <View
      pointerEvents="none"
      style={
        Object {
          "backgroundColor": "transparent",
          "bottom": 0,
          "elevation": undefined,
          "justifyContent": "flex-end",
          "left": 0,
          "opacity": 0,
          "position": "absolute",
          "right": 0,
          "top": 0,
          "zIndex": undefined,
        }
      }
    />
    <View
      pointerEvents="box-none"
      style={
        Array [
          Array [
            Object {
              "backgroundColor": "transparent",
              "bottom": 0,
              "left": 0,
              "position": "absolute",
              "right": 0,
              "top": 0,
            },
            Object {
              "elevation": undefined,
              "justifyContent": "flex-end",
              "zIndex": undefined,
            },
          ],
          Object {
            "alignItems": "flex-end",
          },
          Object {
            "paddingVertical": 30,
          },
        ]
      }
    >
      <View
        style={
          Array [
            Object {
              "marginHorizontal": 30,
              "zIndex": undefined,
            },
            Object {
              "elevation": 5,
              "shadowColor": "#000",
              "shadowOffset": Object {
                "height": 5,
                "width": 0,
              },
              "shadowOpacity": 0.35,
              "shadowRadius": 3,
            },
            Object {
              "shadowColor": "#333",
              "shadowOffset": Object {
                "height": 1,
                "width": 1,
              },
              "shadowOpacity": 0.6,
            },
          ]
        }
      >
        <View
          accessible={true}
          isTVSelectable={true}
          onResponderGrant={[Function]}
          onResponderMove={[Function]}
          onResponderRelease={[Function]}
          onResponderTerminate={[Function]}
          onResponderTerminationRequest={[Function]}
          onStartShouldSetResponder={[Function]}
          style={
            Object {
              "opacity": 1,
            }
          }
        >
          <View
            style={
              Object {
                "backgroundColor": "rgba(110, 91, 170, 1)",
                "borderRadius": 28,
                "height": 56,
                "width": 56,
              }
            }
          >
            <View
              style={
                Object {
                  "alignItems": "center",
                  "borderRadius": 28,
                  "height": 56,
                  "justifyContent": "center",
                  "transform": Array [
                    Object {
                      "scale": 1,
                    },
                    Object {
                      "rotate": "0deg",
                    },
                  ],
                  "width": 56,
                }
              }
            >
              <Text
                style={
                  Object {
                    "backgroundColor": "transparent",
                    "color": "rgba(255, 255, 255, 1)",
                    "fontSize": 24,
                    "marginTop": -4,
                  }
                }
              >
                +
              </Text>
            </View>
          </View>
        </View>
      </View>
    </View>
  </View>
</View>
`;
